
> atlas-strategic-agent@3.2.0 test
> vitest --run


[1m[7m[36m RUN [39m[27m[22m [36mv2.1.9 [39m[90mC:/Users/mayan/atlas-strategic-agent[39m

node.exe : 
At line:1 char:1
+ & "C:\Program 
Files\nodejs/node.exe" "C:\Us
ers\mayan\AppData\Roaming\ 
...
+ ~~~~~~~~~~~~~~~~~~~~~~~~~~~
~~~~~~~~~~~~~~~~~~~~~~~~~~~~~
~~~~~~~~~~~~~
    + CategoryInfo           
   : NotSpecified: (:String  
  ) [], RemoteException
    + FullyQualifiedErrorId  
   : NativeCommandError
 
[31mΓÄ»ΓÄ»ΓÄ»ΓÄ»[1m[7m 
Unhandled Rejection [27m[22
mΓÄ»ΓÄ»ΓÄ»ΓÄ»ΓÄ»[39m
[31m[1mFailed to load 
PostCSS config[22m: Failed 
to load PostCSS config 
(searchPath: C:/Users/mayan/a
tlas-strategic-agent): 
[SyntaxError] Unexpected 
token '{'
SyntaxError: Unexpected 
token '{'
    at 
compileSourceTextModule (node
:internal/modules/esm/utils:3
05:16)
    at 
ModuleLoader.moduleStrategy (
node:internal/modules/esm/tra
nslators:111:18)
    at #translate (node:inter
nal/modules/esm/loader:467:20
)
    at afterLoad (node:intern
al/modules/esm/loader:523:29)
    at ModuleLoader.loadAndTr
anslate (node:internal/module
s/esm/loader:528:12)
    at #getOrCreateModuleJobA
fterResolve (node:internal/mo
dules/esm/loader:565:36)
    at afterResolve (node:int
ernal/modules/esm/loader:618:
52)
    at ModuleLoader.getOrCrea
teModuleJob (node:internal/mo
dules/esm/loader:624:12)
    at onImport.tracePromise.
__proto__ (node:internal/modu
les/esm/loader:643:32)
    at 
TracingChannel.tracePromise (
node:diagnostics_channel:350:
14)[39m



